ERROR - 2026-09-12 03:36:34 --> Error connecting to the database: mysqli_sql_exception: No connection could be made because the target machine actively refused it in C:\xampp2\htdocs\appnilai\vendor\codeigniter4\framework\system\Database\MySQLi\Connection.php:201
Stack trace:
#0 C:\xampp2\htdocs\appnilai\vendor\codeigniter4\framework\system\Database\MySQLi\Connection.php(201): mysqli->real_connect()
#1 C:\xampp2\htdocs\appnilai\vendor\codeigniter4\framework\system\Database\BaseConnection.php(555): CodeIgniter\Database\MySQLi\Connection->connect()
#2 C:\xampp2\htdocs\appnilai\vendor\codeigniter4\framework\system\Database\BaseConnection.php(795): CodeIgniter\Database\BaseConnection->initialize()
#3 C:\xampp2\htdocs\appnilai\vendor\codeigniter4\framework\system\Database\BaseConnection.php(1706): CodeIgniter\Database\BaseConnection->query()
#4 C:\xampp2\htdocs\appnilai\vendor\codeigniter4\framework\system\Database\BaseConnection.php(1726): CodeIgniter\Database\BaseConnection->listTables()
#5 C:\xampp2\htdocs\appnilai\vendor\codeigniter4\framework\system\Database\MigrationRunner.php(821): CodeIgniter\Database\BaseConnection->tableExists()
#6 C:\xampp2\htdocs\appnilai\vendor\codeigniter4\framework\system\Database\MigrationRunner.php(173): CodeIgniter\Database\MigrationRunner->ensureTable()
#7 C:\xampp2\htdocs\appnilai\vendor\codeigniter4\framework\system\Commands\Database\Migrate.php(89): CodeIgniter\Database\MigrationRunner->latest()
#8 C:\xampp2\htdocs\appnilai\vendor\codeigniter4\framework\system\CLI\SignalTrait.php(245): CodeIgniter\Commands\Database\Migrate::CodeIgniter\Commands\Database\{closure}()
#9 C:\xampp2\htdocs\appnilai\vendor\codeigniter4\framework\system\Commands\Database\Migrate.php(88): CodeIgniter\Commands\Database\Migrate->withSignalsBlocked()
#10 C:\xampp2\htdocs\appnilai\vendor\codeigniter4\framework\system\CLI\Commands.php(72): CodeIgniter\Commands\Database\Migrate->run()
#11 C:\xampp2\htdocs\appnilai\vendor\codeigniter4\framework\system\CLI\Console.php(47): CodeIgniter\CLI\Commands->run()
#12 C:\xampp2\htdocs\appnilai\vendor\codeigniter4\framework\system\Boot.php(444): CodeIgniter\CLI\Console->run()
#13 C:\xampp2\htdocs\appnilai\vendor\codeigniter4\framework\system\Boot.php(166): CodeIgniter\Boot::runCommand()
#14 C:\xampp2\htdocs\appnilai\spark(87): CodeIgniter\Boot::bootSpark()
#15 {main}

Next CodeIgniter\Database\Exceptions\DatabaseException: No connection could be made because the target machine actively refused it in C:\xampp2\htdocs\appnilai\vendor\codeigniter4\framework\system\Database\MySQLi\Connection.php:231
Stack trace:
#0 C:\xampp2\htdocs\appnilai\vendor\codeigniter4\framework\system\Database\BaseConnection.php(555): CodeIgniter\Database\MySQLi\Connection->connect()
#1 C:\xampp2\htdocs\appnilai\vendor\codeigniter4\framework\system\Database\BaseConnection.php(795): CodeIgniter\Database\BaseConnection->initialize()
#2 C:\xampp2\htdocs\appnilai\vendor\codeigniter4\framework\system\Database\BaseConnection.php(1706): CodeIgniter\Database\BaseConnection->query()
#3 C:\xampp2\htdocs\appnilai\vendor\codeigniter4\framework\system\Database\BaseConnection.php(1726): CodeIgniter\Database\BaseConnection->listTables()
#4 C:\xampp2\htdocs\appnilai\vendor\codeigniter4\framework\system\Database\MigrationRunner.php(821): CodeIgniter\Database\BaseConnection->tableExists()
#5 C:\xampp2\htdocs\appnilai\vendor\codeigniter4\framework\system\Database\MigrationRunner.php(173): CodeIgniter\Database\MigrationRunner->ensureTable()
#6 C:\xampp2\htdocs\appnilai\vendor\codeigniter4\framework\system\Commands\Database\Migrate.php(89): CodeIgniter\Database\MigrationRunner->latest()
#7 C:\xampp2\htdocs\appnilai\vendor\codeigniter4\framework\system\CLI\SignalTrait.php(245): CodeIgniter\Commands\Database\Migrate::CodeIgniter\Commands\Database\{closure}()
#8 C:\xampp2\htdocs\appnilai\vendor\codeigniter4\framework\system\Commands\Database\Migrate.php(88): CodeIgniter\Commands\Database\Migrate->withSignalsBlocked()
#9 C:\xampp2\htdocs\appnilai\vendor\codeigniter4\framework\system\CLI\Commands.php(72): CodeIgniter\Commands\Database\Migrate->run()
#10 C:\xampp2\htdocs\appnilai\vendor\codeigniter4\framework\system\CLI\Console.php(47): CodeIgniter\CLI\Commands->run()
#11 C:\xampp2\htdocs\appnilai\vendor\codeigniter4\framework\system\Boot.php(444): CodeIgniter\CLI\Console->run()
#12 C:\xampp2\htdocs\appnilai\vendor\codeigniter4\framework\system\Boot.php(166): CodeIgniter\Boot::runCommand()
#13 C:\xampp2\htdocs\appnilai\spark(87): CodeIgniter\Boot::bootSpark()
#14 {main}
DEBUG - 2026-09-12 04:50:44 --> Session: Class initialized using 'CodeIgniter\Session\Handlers\FileHandler' driver.
DEBUG - 2026-09-12 04:51:04 --> Session: Class initialized using 'CodeIgniter\Session\Handlers\FileHandler' driver.
DEBUG - 2026-09-12 04:51:13 --> Session: Class initialized using 'CodeIgniter\Session\Handlers\FileHandler' driver.
DEBUG - 2026-09-12 04:51:15 --> Session: Class initialized using 'CodeIgniter\Session\Handlers\FileHandler' driver.
DEBUG - 2026-09-12 04:51:22 --> Session: Class initialized using 'CodeIgniter\Session\Handlers\FileHandler' driver.
DEBUG - 2026-09-12 04:51:26 --> Session: Class initialized using 'CodeIgniter\Session\Handlers\FileHandler' driver.
DEBUG - 2026-09-12 04:51:28 --> Session: Class initialized using 'CodeIgniter\Session\Handlers\FileHandler' driver.
DEBUG - 2026-09-12 04:51:34 --> Session: Class initialized using 'CodeIgniter\Session\Handlers\FileHandler' driver.
DEBUG - 2026-09-12 04:51:39 --> Session: Class initialized using 'CodeIgniter\Session\Handlers\FileHandler' driver.
DEBUG - 2026-09-12 04:52:54 --> Session: Class initialized using 'CodeIgniter\Session\Handlers\FileHandler' driver.
DEBUG - 2026-09-12 04:53:18 --> Session: Class initialized using 'CodeIgniter\Session\Handlers\FileHandler' driver.
DEBUG - 2026-09-12 04:53:18 --> Session: Class initialized using 'CodeIgniter\Session\Handlers\FileHandler' driver.
